================================Erreur de script================================
Message :
(eval):3: syntax error, unexpected local variable or method, expecting ']'
show_background: true)
^~~~~~~~~~~~~~~


Type : SyntaxError
Script : tools/GameLoader/z_eval_killer.rb (PSDK)
Ligne : 30
Date : 04/01/2026 14:40:03
Game Version : 261
Logiciel : PSDK 26.51
===================================Backtraces===================================
[27] : tools/GameLoader/z_eval_killer.rb (PSDK) | ligne 30 class_eval
[26] : tools/GameLoader/z_eval_killer.rb (PSDK) | ligne 30 build_method
[25] : tools/GameLoader/z_eval_killer.rb (PSDK) | ligne 23 resolve_method_symbol
[24] : 1_RMXP_Scripts.rb (PSDK) | ligne 2105 eval_script
[23] : 1_RMXP_Scripts.rb (PSDK) | ligne 2097 command_355
[22] : 1_RMXP_Scripts.rb (PSDK) | ligne 1081 execute_command
[21] : 1_RMXP_Scripts.rb (PSDK) | ligne 956 update
[20] : 1_RMXP_Scripts.rb (PSDK) | ligne 936 loop
[19] : 1_RMXP_Scripts.rb (PSDK) | ligne 936 update
[18] : 4_Systems_003_Map_Engine.rb (PSDK) | ligne 9223 update_map_logic
[17] : 4_Systems_003_Map_Engine.rb (PSDK) | ligne 2913 update_map_logic
[16] : 4_Systems_003_Map_Engine.rb (PSDK) | ligne 9231 auto_transfert_update
[15] : 4_Systems_003_Map_Engine.rb (PSDK) | ligne 9230 loop
[14] : 4_Systems_003_Map_Engine.rb (PSDK) | ligne 9230 auto_transfert_update
[13] : 4_Systems_003_Map_Engine.rb (PSDK) | ligne 9094 update
[12] : 0_Dependencies.rb (PSDK) | ligne 1353 run
[11] : 4_Systems_003_Map_Engine.rb (PSDK) | ligne 9094 update
[10] : 4_Systems_000_General_2_GamePlay__Base.rb (PSDK) | ligne 236 main_process
[9] : 4_Systems_000_General_2_GamePlay__Base.rb (PSDK) | ligne 144 main
[8] : tools/GameLoader/Z_main.rb (PSDK) | ligne 18 <top (required)>
[7] : tools/GameLoader/3_load_extensions.rb (PSDK) | ligne 49 rgss_main
[6] : tools/GameLoader/50_load_game_uncompiled.rb (PSDK) | ligne 54 <top (required)>
[5] : ScriptLoad.rb (PSDK) | ligne 198 require
[4] : ScriptLoad.rb (PSDK) | ligne 198 load_tool
[3] : tools/GameLoader/Z_load_uncompiled.rb (PSDK) | ligne 17 <top (required)>
[2] : ScriptLoad.rb (PSDK) | ligne 198 require
[1] : ScriptLoad.rb (PSDK) | ligne 198 load_tool
[0] : Game.rb (RMXP) | ligne 11 <main>
===================================Fin du log===================================